1000,,,,,,,,,,,,,,,,,,,,,,,,
1001,12,1234,123456,12345678901234,true,1.23456789012E9,12.345,12.3456,1234.5678,1234567.75,1.2345678901234E11,a   ,A,abcdefg,あ   ,ア,あいうえお,2018-01-02,2018-01-03 10:34:56.790000 +0000,2018-01-04 12:34:56.1234567,2018-01-05 12:34:56.89,2018-01-06 10:35:00.000000 +0000,17:34:56.1234567,18:34:56.12
