10,,,,,,,,
11,12345,123456789,123456789012,123456.78,876543.21,1.2345600128173828,1.23456789012,3.45678901234
12,-12345,-123456789,-123456789012,-123456.78,-876543.21,-1.2345600128173828,-1.23456789012,-3.45678901234
