10,,,,,
11,2016-09-07 21:00:00.000000 +0000,1970-01-01 10:34:45.000000 +0000,2016-09-09 09:34:45.123456 +0000,2016-09-10 09:34:45.000000 +0000,2016-09-11 09:34:45.123456 +0000
