10,,,,,,,,
11,aa  ,AA,aaaaaaaaaaaa,ああ  ,いいいい,ａａ  ,ＡＡ,ａａａａａａａａ
