10,,,,,,,,,,,,,2015/06/05 08:45:06,,
11,99,9999,-99999999,-9999999999999999,1.2345000505447388,1.234567890123,-1234.0,1.2345678901234568E17,5678,xy,2015/06/04,2015/06/04 21:34:56,2015/06/05 08:45:06,09-04-02,2015/06/04 10:02:03.123456
