10,,,,,,,,,,,,,2015-06-04 23:45:06.000000 +0000,,,
11,99,9999,-99999999,-9999999999999999,1.2345,1.234567890123,-1234,123456789012345678.12,5678,xy,2015-06-03 21:00:00.000000 +0000,2015-06-04 12:34:56.000000 +0000,2015-06-04 23:45:06.000000 +0000,1970-01-01 06:04:02.000000 +0000,2015-06-04 01:02:03.123456 +0000,"{""key"":""value""}"
