10,,,,,,,,,,,,,2015-06-04 23:45:06.000000 +0000,,,
11,true,true,false,false,true,true,false,true,,,2015-06-03 21:00:00.000000 +0000,2015-06-04 12:34:56.000000 +0000,2015-06-04 23:45:06.000000 +0000,1970-01-01 06:04:02.000000 +0000,2015-06-04 01:02:03.123456 +0000,"{""key"":""value""}"
