1,,
2,2019/01/02 12:34:56,2019-01-02 21:34:56
3,2018/12/31 23:59:59,2019-01-01 08:59:59
